[0211月2025 11:01:06.387] [main/DEBUG] [io.netty.util.internal.logging.InternalLoggerFactory/]: Using SLF4J as the default logging framework
[0211月2025 11:01:06.393] [main/DEBUG] [io.netty.util.ResourceLeakDetector/]: -Dio.netty.leakDetection.level: simple
[0211月2025 11:01:06.393] [main/DEBUG] [io.netty.util.ResourceLeakDetector/]: -Dio.netty.leakDetection.targetRecords: 4
[0211月2025 11:01:11.665] [Datafixer Bootstrap/INFO] [com.mojang.datafixers.DataFixerBuilder/]: 237 Datafixer optimizations took 455 milliseconds
[0211月2025 11:01:45.713] [Render thread/INFO] [com.mojang.authlib.yggdrasil.YggdrasilAuthenticationService/]: Environment: Environment[sessionHost=https://sessionserver.mojang.com, servicesHost=https://api.minecraftservices.com, name=PROD]
[0211月2025 11:01:45.737] [Render thread/INFO] [net.minecraft.client.Minecraft/]: Setting user: Player252
[0211月2025 11:01:46.577] [Render thread/INFO] [net.minecraft.client.Minecraft/]: Backend library: LWJGL version 3.3.3+5
[0211月2025 11:01:54.936] [Render thread/INFO] [net.minecraft.server.packs.resources.ReloadableResourceManager/]: Reloading ResourceManager: vanilla
[0211月2025 11:01:55.538] [Worker-Main-1/INFO] [net.minecraft.client.gui.font.providers.UnihexProvider/]: Found unifont_all_no_pua-15.1.05.hex, loading
[0211月2025 11:01:55.538] [Worker-Main-11/INFO] [net.minecraft.client.gui.font.providers.UnihexProvider/]: Found unifont_jp_patch-15.1.05.hex, loading
[0211月2025 11:01:57.427] [Render thread/WARN] [net.minecraft.client.sounds.SoundEngine/]: Missing sound for event: minecraft:block.spawner.fall
[0211月2025 11:01:57.487] [Render thread/INFO] [com.mojang.blaze3d.audio.Library/]: OpenAL initialized on device OpenAL Soft on スピーカー (Senary Audio)
[0211月2025 11:01:57.489] [Render thread/INFO] [net.minecraft.client.sounds.SoundEngine/SOUNDS]: Sound engine started
[0211月2025 11:01:57.589] [Render thread/INFO] [net.minecraft.client.renderer.texture.TextureAtlas/]: Created: 1024x512x4 minecraft:textures/atlas/blocks.png-atlas
[0211月2025 11:01:57.616] [Render thread/INFO] [net.minecraft.client.renderer.texture.TextureAtlas/]: Created: 256x256x4 minecraft:textures/atlas/signs.png-atlas
[0211月2025 11:01:57.617] [Render thread/INFO] [net.minecraft.client.renderer.texture.TextureAtlas/]: Created: 512x512x4 minecraft:textures/atlas/shield_patterns.png-atlas
[0211月2025 11:01:57.618] [Render thread/INFO] [net.minecraft.client.renderer.texture.TextureAtlas/]: Created: 512x512x4 minecraft:textures/atlas/banner_patterns.png-atlas
[0211月2025 11:01:57.618] [Render thread/INFO] [net.minecraft.client.renderer.texture.TextureAtlas/]: Created: 1024x1024x4 minecraft:textures/atlas/armor_trims.png-atlas
[0211月2025 11:01:57.620] [Render thread/INFO] [net.minecraft.client.renderer.texture.TextureAtlas/]: Created: 128x64x4 minecraft:textures/atlas/decorated_pot.png-atlas
[0211月2025 11:01:57.621] [Render thread/INFO] [net.minecraft.client.renderer.texture.TextureAtlas/]: Created: 256x256x4 minecraft:textures/atlas/chest.png-atlas
[0211月2025 11:01:57.621] [Render thread/INFO] [net.minecraft.client.renderer.texture.TextureAtlas/]: Created: 512x256x4 minecraft:textures/atlas/shulker_boxes.png-atlas
[0211月2025 11:01:57.621] [Render thread/INFO] [net.minecraft.client.renderer.texture.TextureAtlas/]: Created: 512x256x4 minecraft:textures/atlas/beds.png-atlas
[0211月2025 11:01:59.468] [Render thread/INFO] [net.minecraft.client.renderer.texture.TextureAtlas/]: Created: 64x64x0 minecraft:textures/atlas/map_decorations.png-atlas
[0211月2025 11:02:01.299] [Render thread/INFO] [net.minecraft.client.renderer.texture.TextureAtlas/]: Created: 512x256x0 minecraft:textures/atlas/particles.png-atlas
[0211月2025 11:02:01.300] [Render thread/INFO] [net.minecraft.client.renderer.texture.TextureAtlas/]: Created: 512x256x0 minecraft:textures/atlas/paintings.png-atlas
[0211月2025 11:02:01.300] [Render thread/INFO] [net.minecraft.client.renderer.texture.TextureAtlas/]: Created: 256x128x0 minecraft:textures/atlas/mob_effects.png-atlas
[0211月2025 11:02:01.300] [Render thread/INFO] [net.minecraft.client.renderer.texture.TextureAtlas/]: Created: 1024x512x0 minecraft:textures/atlas/gui.png-atlas
[0211月2025 11:02:10.424] [Render thread/INFO] [net.minecraft.world.item.crafting.RecipeManager/]: Loaded 1337 recipes
[0211月2025 11:02:10.461] [Render thread/INFO] [net.minecraft.advancements.AdvancementTree/]: Loaded 1448 advancements
[0211月2025 11:02:11.041] [Server thread/INFO] [net.minecraft.client.server.IntegratedServer/]: Starting integrated minecraft server version 1.21.3
[0211月2025 11:02:11.041] [Server thread/INFO] [net.minecraft.server.MinecraftServer/]: Generating keypair
[0211月2025 11:02:12.740] [Server thread/INFO] [net.minecraft.server.MinecraftServer/]: Preparing start region for dimension minecraft:overworld
[0211月2025 11:02:13.707] [Render thread/INFO] [net.minecraft.server.level.progress.LoggerChunkProgressListener/]: スポーン地点を準備中：0%
[0211月2025 11:02:13.707] [Render thread/INFO] [net.minecraft.server.level.progress.LoggerChunkProgressListener/]: スポーン地点を準備中：0%
[0211月2025 11:02:13.817] [Render thread/INFO] [net.minecraft.server.level.progress.LoggerChunkProgressListener/]: スポーン地点を準備中：61%
[0211月2025 11:02:14.100] [Render thread/INFO] [net.minecraft.server.level.progress.LoggerChunkProgressListener/]: Time elapsed: 1290 ms
[0211月2025 11:02:14.300] [Server thread/INFO] [net.minecraft.client.server.IntegratedServer/]: Changing view distance to 12, from 10
[0211月2025 11:02:14.300] [Server thread/INFO] [net.minecraft.client.server.IntegratedServer/]: Changing simulation distance to 12, from 0
[0211月2025 11:02:14.363] [Render thread/DEBUG] [io.netty.channel.MultithreadEventLoopGroup/]: -Dio.netty.eventLoopThreads: 40
[0211月2025 11:02:14.373] [Render thread/DEBUG] [io.netty.util.concurrent.GlobalEventExecutor/]: -Dio.netty.globalEventExecutor.quietPeriodSeconds: 1
[0211月2025 11:02:14.379] [Render thread/DEBUG] [io.netty.util.internal.InternalThreadLocalMap/]: -Dio.netty.threadLocalMap.stringBuilder.initialSize: 1024
[0211月2025 11:02:14.379] [Render thread/DEBUG] [io.netty.util.internal.InternalThreadLocalMap/]: -Dio.netty.threadLocalMap.stringBuilder.maxSize: 4096
[0211月2025 11:02:14.398] [Render thread/DEBUG] [io.netty.util.internal.PlatformDependent0/]: -Dio.netty.noUnsafe: false
[0211月2025 11:02:14.398] [Render thread/DEBUG] [io.netty.util.internal.PlatformDependent0/]: Java version: 21
[0211月2025 11:02:14.399] [Render thread/DEBUG] [io.netty.util.internal.PlatformDependent0/]: sun.misc.Unsafe.theUnsafe: available
[0211月2025 11:02:14.399] [Render thread/DEBUG] [io.netty.util.internal.PlatformDependent0/]: sun.misc.Unsafe.copyMemory: available
[0211月2025 11:02:14.400] [Render thread/DEBUG] [io.netty.util.internal.PlatformDependent0/]: sun.misc.Unsafe.storeFence: available
[0211月2025 11:02:14.400] [Render thread/DEBUG] [io.netty.util.internal.PlatformDependent0/]: java.nio.Buffer.address: available
[0211月2025 11:02:14.400] [Render thread/DEBUG] [io.netty.util.internal.PlatformDependent0/]: direct buffer constructor: unavailable
java.lang.UnsupportedOperationException: Reflective setAccessible(true) disabled
	at io.netty.util.internal.ReflectionUtil.trySetAccessible(ReflectionUtil.java:31) ~[netty-common-4.1.97.Final.jar:4.1.97.Final]
	at io.netty.util.internal.PlatformDependent0$5.run(PlatformDependent0.java:289) ~[netty-common-4.1.97.Final.jar:4.1.97.Final]
	at java.base/java.security.AccessController.doPrivileged(AccessController.java:319) ~[?:?]
	at io.netty.util.internal.PlatformDependent0.<clinit>(PlatformDependent0.java:282) ~[netty-common-4.1.97.Final.jar:4.1.97.Final]
	at io.netty.util.internal.PlatformDependent.isAndroid(PlatformDependent.java:333) ~[netty-common-4.1.97.Final.jar:4.1.97.Final]
	at io.netty.util.internal.PlatformDependent.<clinit>(PlatformDependent.java:88) ~[netty-common-4.1.97.Final.jar:4.1.97.Final]
	at io.netty.channel.nio.NioEventLoop.<clinit>(NioEventLoop.java:84) ~[netty-transport-4.1.97.Final.jar:4.1.97.Final]
	at io.netty.channel.nio.NioEventLoopGroup.newChild(NioEventLoopGroup.java:182) ~[netty-transport-4.1.97.Final.jar:4.1.97.Final]
	at io.netty.channel.nio.NioEventLoopGroup.newChild(NioEventLoopGroup.java:38) ~[netty-transport-4.1.97.Final.jar:4.1.97.Final]
	at io.netty.util.concurrent.MultithreadEventExecutorGroup.<init>(MultithreadEventExecutorGroup.java:84) ~[netty-common-4.1.97.Final.jar:4.1.97.Final]
	at io.netty.util.concurrent.MultithreadEventExecutorGroup.<init>(MultithreadEventExecutorGroup.java:60) ~[netty-common-4.1.97.Final.jar:4.1.97.Final]
	at io.netty.util.concurrent.MultithreadEventExecutorGroup.<init>(MultithreadEventExecutorGroup.java:49) ~[netty-common-4.1.97.Final.jar:4.1.97.Final]
	at io.netty.channel.MultithreadEventLoopGroup.<init>(MultithreadEventLoopGroup.java:59) ~[netty-transport-4.1.97.Final.jar:4.1.97.Final]
	at io.netty.channel.nio.NioEventLoopGroup.<init>(NioEventLoopGroup.java:87) ~[netty-transport-4.1.97.Final.jar:4.1.97.Final]
	at io.netty.channel.nio.NioEventLoopGroup.<init>(NioEventLoopGroup.java:82) ~[netty-transport-4.1.97.Final.jar:4.1.97.Final]
	at io.netty.channel.nio.NioEventLoopGroup.<init>(NioEventLoopGroup.java:69) ~[netty-transport-4.1.97.Final.jar:4.1.97.Final]
	at net.minecraft.server.network.ServerConnectionListener.lambda$static$0(ServerConnectionListener.java:52) ~[main/:?]
	at com.google.common.base.Suppliers$NonSerializableMemoizingSupplier.get(Suppliers.java:181) ~[guava-32.1.2-jre.jar:?]
	at net.minecraft.server.network.ServerConnectionListener.startMemoryChannel(ServerConnectionListener.java:118) ~[main/:?]
	at net.minecraft.client.Minecraft.doWorldLoad(Minecraft.java:1981) ~[main/:?]
	at net.minecraft.client.gui.screens.worldselection.WorldOpenFlows.openWorldDoLoad(WorldOpenFlows.java:430) ~[main/:?]
	at net.minecraft.client.gui.screens.worldselection.WorldOpenFlows.openWorldCheckDiskSpace(WorldOpenFlows.java:425) ~[main/:?]
	at net.minecraft.client.gui.screens.worldselection.WorldOpenFlows.lambda$openWorldLoadBundledResourcePack$16(WorldOpenFlows.java:388) ~[main/:?]
	at java.base/java.util.concurrent.CompletableFuture$UniAccept.tryFire(CompletableFuture.java:718) ~[?:?]
	at java.base/java.util.concurrent.CompletableFuture$Completion.run(CompletableFuture.java:482) ~[?:?]
	at net.minecraft.util.thread.BlockableEventLoop.execute(BlockableEventLoop.java:97) ~[main/:?]
	at java.base/java.util.concurrent.CompletableFuture.uniAcceptNow(CompletableFuture.java:754) ~[?:?]
	at java.base/java.util.concurrent.CompletableFuture.uniAcceptStage(CompletableFuture.java:735) ~[?:?]
	at java.base/java.util.concurrent.CompletableFuture.thenAcceptAsync(CompletableFuture.java:2223) ~[?:?]
	at net.minecraft.client.gui.screens.worldselection.WorldOpenFlows.openWorldLoadBundledResourcePack(WorldOpenFlows.java:386) ~[main/:?]
	at net.minecraft.client.gui.screens.worldselection.WorldOpenFlows.openWorldCheckWorldStemCompatibility(WorldOpenFlows.java:371) ~[main/:?]
	at net.minecraft.client.gui.screens.worldselection.WorldOpenFlows.openWorldLoadLevelStem(WorldOpenFlows.java:363) ~[main/:?]
	at net.minecraft.client.gui.screens.worldselection.WorldOpenFlows.openWorldCheckVersionCompatibility(WorldOpenFlows.java:323) ~[main/:?]
	at net.minecraft.client.gui.screens.worldselection.WorldOpenFlows.openWorldLoadLevelData(WorldOpenFlows.java:287) ~[main/:?]
	at net.minecraft.client.gui.screens.worldselection.WorldOpenFlows.openWorld(WorldOpenFlows.java:253) ~[main/:?]
	at net.minecraft.client.gui.screens.worldselection.WorldSelectionList$WorldListEntry.joinWorld(WorldSelectionList.java:480) ~[main/:?]
	at java.base/java.util.Optional.ifPresent(Optional.java:178) ~[?:?]
	at net.minecraft.client.gui.screens.worldselection.SelectWorldScreen.lambda$init$1(SelectWorldScreen.java:43) ~[main/:?]
	at net.minecraft.client.gui.components.Button.onPress(Button.java:36) ~[main/:?]
	at net.minecraft.client.gui.components.AbstractButton.onClick(AbstractButton.java:52) ~[main/:?]
	at net.minecraft.client.gui.components.AbstractWidget.mouseClicked(AbstractWidget.java:142) ~[main/:?]
	at net.minecraft.client.gui.components.events.ContainerEventHandler.mouseClicked(ContainerEventHandler.java:40) ~[main/:?]
	at net.minecraft.client.MouseHandler.onPress(MouseHandler.java:101) ~[main/:?]
	at net.minecraft.client.MouseHandler.lambda$setup$2(MouseHandler.java:203) ~[main/:?]
	at net.minecraft.util.thread.BlockableEventLoop.execute(BlockableEventLoop.java:97) ~[main/:?]
	at net.minecraft.client.MouseHandler.lambda$setup$3(MouseHandler.java:203) ~[main/:?]
	at org.lwjgl.glfw.GLFWMouseButtonCallbackI.callback(GLFWMouseButtonCallbackI.java:43) [lwjgl-glfw-3.3.3.jar:build 5]
	at org.lwjgl.system.JNI.invokeV(Native Method) ~[lwjgl-3.3.3.jar:build 5]
	at org.lwjgl.glfw.GLFW.glfwWaitEventsTimeout(GLFW.java:3509) [lwjgl-glfw-3.3.3.jar:build 5]
	at com.mojang.blaze3d.systems.RenderSystem.limitDisplayFPS(RenderSystem.java:165) [main/:?]
	at net.minecraft.client.Minecraft.runTick(Minecraft.java:1246) [main/:?]
	at net.minecraft.client.Minecraft.run(Minecraft.java:834) [main/:?]
	at net.minecraft.client.main.Main.main(Main.java:238) [main/:?]
[0211月2025 11:02:14.406] [Render thread/DEBUG] [io.netty.util.internal.PlatformDependent0/]: java.nio.Bits.unaligned: available, true
[0211月2025 11:02:14.406] [Render thread/DEBUG] [io.netty.util.internal.PlatformDependent0/]: jdk.internal.misc.Unsafe.allocateUninitializedArray(int): unavailable
java.lang.IllegalAccessException: class io.netty.util.internal.PlatformDependent0$7 cannot access class jdk.internal.misc.Unsafe (in module java.base) because module java.base does not export jdk.internal.misc to unnamed module @25d250c6
	at java.base/jdk.internal.reflect.Reflection.newIllegalAccessException(Reflection.java:394) ~[?:?]
	at java.base/java.lang.reflect.AccessibleObject.checkAccess(AccessibleObject.java:714) ~[?:?]
	at java.base/java.lang.reflect.Method.invoke(Method.java:571) ~[?:?]
	at io.netty.util.internal.PlatformDependent0$7.run(PlatformDependent0.java:411) ~[netty-common-4.1.97.Final.jar:4.1.97.Final]
	at java.base/java.security.AccessController.doPrivileged(AccessController.java:319) ~[?:?]
	at io.netty.util.internal.PlatformDependent0.<clinit>(PlatformDependent0.java:402) ~[netty-common-4.1.97.Final.jar:4.1.97.Final]
	at io.netty.util.internal.PlatformDependent.isAndroid(PlatformDependent.java:333) ~[netty-common-4.1.97.Final.jar:4.1.97.Final]
	at io.netty.util.internal.PlatformDependent.<clinit>(PlatformDependent.java:88) ~[netty-common-4.1.97.Final.jar:4.1.97.Final]
	at io.netty.channel.nio.NioEventLoop.<clinit>(NioEventLoop.java:84) ~[netty-transport-4.1.97.Final.jar:4.1.97.Final]
	at io.netty.channel.nio.NioEventLoopGroup.newChild(NioEventLoopGroup.java:182) ~[netty-transport-4.1.97.Final.jar:4.1.97.Final]
	at io.netty.channel.nio.NioEventLoopGroup.newChild(NioEventLoopGroup.java:38) ~[netty-transport-4.1.97.Final.jar:4.1.97.Final]
	at io.netty.util.concurrent.MultithreadEventExecutorGroup.<init>(MultithreadEventExecutorGroup.java:84) ~[netty-common-4.1.97.Final.jar:4.1.97.Final]
	at io.netty.util.concurrent.MultithreadEventExecutorGroup.<init>(MultithreadEventExecutorGroup.java:60) ~[netty-common-4.1.97.Final.jar:4.1.97.Final]
	at io.netty.util.concurrent.MultithreadEventExecutorGroup.<init>(MultithreadEventExecutorGroup.java:49) ~[netty-common-4.1.97.Final.jar:4.1.97.Final]
	at io.netty.channel.MultithreadEventLoopGroup.<init>(MultithreadEventLoopGroup.java:59) ~[netty-transport-4.1.97.Final.jar:4.1.97.Final]
	at io.netty.channel.nio.NioEventLoopGroup.<init>(NioEventLoopGroup.java:87) ~[netty-transport-4.1.97.Final.jar:4.1.97.Final]
	at io.netty.channel.nio.NioEventLoopGroup.<init>(NioEventLoopGroup.java:82) ~[netty-transport-4.1.97.Final.jar:4.1.97.Final]
	at io.netty.channel.nio.NioEventLoopGroup.<init>(NioEventLoopGroup.java:69) ~[netty-transport-4.1.97.Final.jar:4.1.97.Final]
	at net.minecraft.server.network.ServerConnectionListener.lambda$static$0(ServerConnectionListener.java:52) ~[main/:?]
	at com.google.common.base.Suppliers$NonSerializableMemoizingSupplier.get(Suppliers.java:181) ~[guava-32.1.2-jre.jar:?]
	at net.minecraft.server.network.ServerConnectionListener.startMemoryChannel(ServerConnectionListener.java:118) ~[main/:?]
	at net.minecraft.client.Minecraft.doWorldLoad(Minecraft.java:1981) ~[main/:?]
	at net.minecraft.client.gui.screens.worldselection.WorldOpenFlows.openWorldDoLoad(WorldOpenFlows.java:430) ~[main/:?]
	at net.minecraft.client.gui.screens.worldselection.WorldOpenFlows.openWorldCheckDiskSpace(WorldOpenFlows.java:425) ~[main/:?]
	at net.minecraft.client.gui.screens.worldselection.WorldOpenFlows.lambda$openWorldLoadBundledResourcePack$16(WorldOpenFlows.java:388) ~[main/:?]
	at java.base/java.util.concurrent.CompletableFuture$UniAccept.tryFire(CompletableFuture.java:718) ~[?:?]
	at java.base/java.util.concurrent.CompletableFuture$Completion.run(CompletableFuture.java:482) ~[?:?]
	at net.minecraft.util.thread.BlockableEventLoop.execute(BlockableEventLoop.java:97) ~[main/:?]
	at java.base/java.util.concurrent.CompletableFuture.uniAcceptNow(CompletableFuture.java:754) ~[?:?]
	at java.base/java.util.concurrent.CompletableFuture.uniAcceptStage(CompletableFuture.java:735) ~[?:?]
	at java.base/java.util.concurrent.CompletableFuture.thenAcceptAsync(CompletableFuture.java:2223) ~[?:?]
	at net.minecraft.client.gui.screens.worldselection.WorldOpenFlows.openWorldLoadBundledResourcePack(WorldOpenFlows.java:386) ~[main/:?]
	at net.minecraft.client.gui.screens.worldselection.WorldOpenFlows.openWorldCheckWorldStemCompatibility(WorldOpenFlows.java:371) ~[main/:?]
	at net.minecraft.client.gui.screens.worldselection.WorldOpenFlows.openWorldLoadLevelStem(WorldOpenFlows.java:363) ~[main/:?]
	at net.minecraft.client.gui.screens.worldselection.WorldOpenFlows.openWorldCheckVersionCompatibility(WorldOpenFlows.java:323) ~[main/:?]
	at net.minecraft.client.gui.screens.worldselection.WorldOpenFlows.openWorldLoadLevelData(WorldOpenFlows.java:287) ~[main/:?]
	at net.minecraft.client.gui.screens.worldselection.WorldOpenFlows.openWorld(WorldOpenFlows.java:253) ~[main/:?]
	at net.minecraft.client.gui.screens.worldselection.WorldSelectionList$WorldListEntry.joinWorld(WorldSelectionList.java:480) ~[main/:?]
	at java.base/java.util.Optional.ifPresent(Optional.java:178) ~[?:?]
	at net.minecraft.client.gui.screens.worldselection.SelectWorldScreen.lambda$init$1(SelectWorldScreen.java:43) ~[main/:?]
	at net.minecraft.client.gui.components.Button.onPress(Button.java:36) ~[main/:?]
	at net.minecraft.client.gui.components.AbstractButton.onClick(AbstractButton.java:52) ~[main/:?]
	at net.minecraft.client.gui.components.AbstractWidget.mouseClicked(AbstractWidget.java:142) ~[main/:?]
	at net.minecraft.client.gui.components.events.ContainerEventHandler.mouseClicked(ContainerEventHandler.java:40) ~[main/:?]
	at net.minecraft.client.MouseHandler.onPress(MouseHandler.java:101) ~[main/:?]
	at net.minecraft.client.MouseHandler.lambda$setup$2(MouseHandler.java:203) ~[main/:?]
	at net.minecraft.util.thread.BlockableEventLoop.execute(BlockableEventLoop.java:97) ~[main/:?]
	at net.minecraft.client.MouseHandler.lambda$setup$3(MouseHandler.java:203) ~[main/:?]
	at org.lwjgl.glfw.GLFWMouseButtonCallbackI.callback(GLFWMouseButtonCallbackI.java:43) [lwjgl-glfw-3.3.3.jar:build 5]
	at org.lwjgl.system.JNI.invokeV(Native Method) ~[lwjgl-3.3.3.jar:build 5]
	at org.lwjgl.glfw.GLFW.glfwWaitEventsTimeout(GLFW.java:3509) [lwjgl-glfw-3.3.3.jar:build 5]
	at com.mojang.blaze3d.systems.RenderSystem.limitDisplayFPS(RenderSystem.java:165) [main/:?]
	at net.minecraft.client.Minecraft.runTick(Minecraft.java:1246) [main/:?]
	at net.minecraft.client.Minecraft.run(Minecraft.java:834) [main/:?]
	at net.minecraft.client.main.Main.main(Main.java:238) [main/:?]
[0211月2025 11:02:14.408] [Render thread/DEBUG] [io.netty.util.internal.PlatformDependent0/]: java.nio.DirectByteBuffer.<init>(long, {int,long}): unavailable
[0211月2025 11:02:14.408] [Render thread/DEBUG] [io.netty.util.internal.PlatformDependent/]: sun.misc.Unsafe: available
[0211月2025 11:02:14.409] [Render thread/DEBUG] [io.netty.util.internal.PlatformDependent/]: maxDirectMemory: 8522825728 bytes (maybe)
[0211月2025 11:02:14.409] [Render thread/DEBUG] [io.netty.util.internal.PlatformDependent/]: -Dio.netty.tmpdir: C:\Users\yuzut\AppData\Local\Temp (java.io.tmpdir)
[0211月2025 11:02:14.409] [Render thread/DEBUG] [io.netty.util.internal.PlatformDependent/]: -Dio.netty.bitMode: 64 (sun.arch.data.model)
[0211月2025 11:02:14.409] [Render thread/DEBUG] [io.netty.util.internal.PlatformDependent/]: Platform: Windows
[0211月2025 11:02:14.410] [Render thread/DEBUG] [io.netty.util.internal.PlatformDependent/]: -Dio.netty.maxDirectMemory: -1 bytes
[0211月2025 11:02:14.410] [Render thread/DEBUG] [io.netty.util.internal.PlatformDependent/]: -Dio.netty.uninitializedArrayAllocationThreshold: -1
[0211月2025 11:02:14.411] [Render thread/DEBUG] [io.netty.util.internal.CleanerJava9/]: java.nio.ByteBuffer.cleaner(): available
[0211月2025 11:02:14.411] [Render thread/DEBUG] [io.netty.util.internal.PlatformDependent/]: -Dio.netty.noPreferDirect: false
[0211月2025 11:02:14.411] [Render thread/DEBUG] [io.netty.channel.nio.NioEventLoop/]: -Dio.netty.noKeySetOptimization: false
[0211月2025 11:02:14.411] [Render thread/DEBUG] [io.netty.channel.nio.NioEventLoop/]: -Dio.netty.selectorAutoRebuildThreshold: 512
[0211月2025 11:02:14.416] [Render thread/DEBUG] [io.netty.util.internal.PlatformDependent/]: org.jctools-core.MpscChunkedArrayQueue: available
[0211月2025 11:02:14.425] [Render thread/TRACE] [io.netty.channel.nio.NioEventLoop/]: instrumented a special java.util.Set into: sun.nio.ch.WEPollSelectorImpl@12e8e085
[0211月2025 11:02:14.426] [Render thread/TRACE] [io.netty.channel.nio.NioEventLoop/]: instrumented a special java.util.Set into: sun.nio.ch.WEPollSelectorImpl@85fc878
[0211月2025 11:02:14.426] [Render thread/TRACE] [io.netty.channel.nio.NioEventLoop/]: instrumented a special java.util.Set into: sun.nio.ch.WEPollSelectorImpl@3d483fc7
[0211月2025 11:02:14.427] [Render thread/TRACE] [io.netty.channel.nio.NioEventLoop/]: instrumented a special java.util.Set into: sun.nio.ch.WEPollSelectorImpl@76ae3dbd
[0211月2025 11:02:14.428] [Render thread/TRACE] [io.netty.channel.nio.NioEventLoop/]: instrumented a special java.util.Set into: sun.nio.ch.WEPollSelectorImpl@21d3d694
[0211月2025 11:02:14.429] [Render thread/TRACE] [io.netty.channel.nio.NioEventLoop/]: instrumented a special java.util.Set into: sun.nio.ch.WEPollSelectorImpl@57b9d6de
[0211月2025 11:02:14.430] [Render thread/TRACE] [io.netty.channel.nio.NioEventLoop/]: instrumented a special java.util.Set into: sun.nio.ch.WEPollSelectorImpl@2b737de9
[0211月2025 11:02:14.430] [Render thread/TRACE] [io.netty.channel.nio.NioEventLoop/]: instrumented a special java.util.Set into: sun.nio.ch.WEPollSelectorImpl@2cb7feef
[0211月2025 11:02:14.431] [Render thread/TRACE] [io.netty.channel.nio.NioEventLoop/]: instrumented a special java.util.Set into: sun.nio.ch.WEPollSelectorImpl@13efea9b
[0211月2025 11:02:14.432] [Render thread/TRACE] [io.netty.channel.nio.NioEventLoop/]: instrumented a special java.util.Set into: sun.nio.ch.WEPollSelectorImpl@af9c11e
[0211月2025 11:02:14.432] [Render thread/TRACE] [io.netty.channel.nio.NioEventLoop/]: instrumented a special java.util.Set into: sun.nio.ch.WEPollSelectorImpl@3a55699d
[0211月2025 11:02:14.433] [Render thread/TRACE] [io.netty.channel.nio.NioEventLoop/]: instrumented a special java.util.Set into: sun.nio.ch.WEPollSelectorImpl@2986a8be
[0211月2025 11:02:14.434] [Render thread/TRACE] [io.netty.channel.nio.NioEventLoop/]: instrumented a special java.util.Set into: sun.nio.ch.WEPollSelectorImpl@45513427
[0211月2025 11:02:14.435] [Render thread/TRACE] [io.netty.channel.nio.NioEventLoop/]: instrumented a special java.util.Set into: sun.nio.ch.WEPollSelectorImpl@164eca2
[0211月2025 11:02:14.435] [Render thread/TRACE] [io.netty.channel.nio.NioEventLoop/]: instrumented a special java.util.Set into: sun.nio.ch.WEPollSelectorImpl@10ec7492
[0211月2025 11:02:14.437] [Render thread/TRACE] [io.netty.channel.nio.NioEventLoop/]: instrumented a special java.util.Set into: sun.nio.ch.WEPollSelectorImpl@cb3fd69
[0211月2025 11:02:14.438] [Render thread/TRACE] [io.netty.channel.nio.NioEventLoop/]: instrumented a special java.util.Set into: sun.nio.ch.WEPollSelectorImpl@400f00d4
[0211月2025 11:02:14.438] [Render thread/TRACE] [io.netty.channel.nio.NioEventLoop/]: instrumented a special java.util.Set into: sun.nio.ch.WEPollSelectorImpl@6628f58b
[0211月2025 11:02:14.440] [Render thread/TRACE] [io.netty.channel.nio.NioEventLoop/]: instrumented a special java.util.Set into: sun.nio.ch.WEPollSelectorImpl@15935538
[0211月2025 11:02:14.441] [Render thread/TRACE] [io.netty.channel.nio.NioEventLoop/]: instrumented a special java.util.Set into: sun.nio.ch.WEPollSelectorImpl@658aa56
[0211月2025 11:02:14.442] [Render thread/TRACE] [io.netty.channel.nio.NioEventLoop/]: instrumented a special java.util.Set into: sun.nio.ch.WEPollSelectorImpl@3e6903e9
[0211月2025 11:02:14.443] [Render thread/TRACE] [io.netty.channel.nio.NioEventLoop/]: instrumented a special java.util.Set into: sun.nio.ch.WEPollSelectorImpl@1fcc2d02
[0211月2025 11:02:14.444] [Render thread/TRACE] [io.netty.channel.nio.NioEventLoop/]: instrumented a special java.util.Set into: sun.nio.ch.WEPollSelectorImpl@10f98156
[0211月2025 11:02:14.444] [Render thread/TRACE] [io.netty.channel.nio.NioEventLoop/]: instrumented a special java.util.Set into: sun.nio.ch.WEPollSelectorImpl@53309305
[0211月2025 11:02:14.445] [Render thread/TRACE] [io.netty.channel.nio.NioEventLoop/]: instrumented a special java.util.Set into: sun.nio.ch.WEPollSelectorImpl@2530b4c1
[0211月2025 11:02:14.446] [Render thread/TRACE] [io.netty.channel.nio.NioEventLoop/]: instrumented a special java.util.Set into: sun.nio.ch.WEPollSelectorImpl@5bea3958
[0211月2025 11:02:14.446] [Render thread/TRACE] [io.netty.channel.nio.NioEventLoop/]: instrumented a special java.util.Set into: sun.nio.ch.WEPollSelectorImpl@7c5e042
[0211月2025 11:02:14.447] [Render thread/TRACE] [io.netty.channel.nio.NioEventLoop/]: instrumented a special java.util.Set into: sun.nio.ch.WEPollSelectorImpl@503af304
[0211月2025 11:02:14.448] [Render thread/TRACE] [io.netty.channel.nio.NioEventLoop/]: instrumented a special java.util.Set into: sun.nio.ch.WEPollSelectorImpl@708cd37e
[0211月2025 11:02:14.448] [Render thread/TRACE] [io.netty.channel.nio.NioEventLoop/]: instrumented a special java.util.Set into: sun.nio.ch.WEPollSelectorImpl@7a2604ce
[0211月2025 11:02:14.448] [Render thread/TRACE] [io.netty.channel.nio.NioEventLoop/]: instrumented a special java.util.Set into: sun.nio.ch.WEPollSelectorImpl@52c92c38
[0211月2025 11:02:14.450] [Render thread/TRACE] [io.netty.channel.nio.NioEventLoop/]: instrumented a special java.util.Set into: sun.nio.ch.WEPollSelectorImpl@55ec47b6
[0211月2025 11:02:14.450] [Render thread/TRACE] [io.netty.channel.nio.NioEventLoop/]: instrumented a special java.util.Set into: sun.nio.ch.WEPollSelectorImpl@43ed7956
[0211月2025 11:02:14.451] [Render thread/TRACE] [io.netty.channel.nio.NioEventLoop/]: instrumented a special java.util.Set into: sun.nio.ch.WEPollSelectorImpl@9270591
[0211月2025 11:02:14.451] [Render thread/TRACE] [io.netty.channel.nio.NioEventLoop/]: instrumented a special java.util.Set into: sun.nio.ch.WEPollSelectorImpl@12145061
[0211月2025 11:02:14.452] [Render thread/TRACE] [io.netty.channel.nio.NioEventLoop/]: instrumented a special java.util.Set into: sun.nio.ch.WEPollSelectorImpl@25f27462
[0211月2025 11:02:14.453] [Render thread/TRACE] [io.netty.channel.nio.NioEventLoop/]: instrumented a special java.util.Set into: sun.nio.ch.WEPollSelectorImpl@dfd9e43
[0211月2025 11:02:14.453] [Render thread/TRACE] [io.netty.channel.nio.NioEventLoop/]: instrumented a special java.util.Set into: sun.nio.ch.WEPollSelectorImpl@3c4719e0
[0211月2025 11:02:14.454] [Render thread/TRACE] [io.netty.channel.nio.NioEventLoop/]: instrumented a special java.util.Set into: sun.nio.ch.WEPollSelectorImpl@c60c151
[0211月2025 11:02:14.455] [Render thread/TRACE] [io.netty.channel.nio.NioEventLoop/]: instrumented a special java.util.Set into: sun.nio.ch.WEPollSelectorImpl@3a87f5db
[0211月2025 11:02:14.463] [Render thread/DEBUG] [io.netty.channel.DefaultChannelId/]: -Dio.netty.processId: 25692 (auto-detected)
[0211月2025 11:02:14.464] [Render thread/DEBUG] [io.netty.util.NetUtil/]: -Djava.net.preferIPv4Stack: false
[0211月2025 11:02:14.464] [Render thread/DEBUG] [io.netty.util.NetUtil/]: -Djava.net.preferIPv6Addresses: false
[0211月2025 11:02:14.471] [Render thread/DEBUG] [io.netty.util.NetUtilInitializations/]: Loopback interface: loopback_0 (Software Loopback Interface 1, 0:0:0:0:0:0:0:1)
[0211月2025 11:02:14.474] [Render thread/DEBUG] [io.netty.util.NetUtil/]: Failed to get SOMAXCONN from sysctl and file \proc\sys\net\core\somaxconn. Default: 200
[0211月2025 11:02:14.477] [Render thread/DEBUG] [io.netty.channel.DefaultChannelId/]: -Dio.netty.machineId: e8:c8:29:ff:fe:54:73:82 (auto-detected)
[0211月2025 11:02:14.501] [Render thread/DEBUG] [io.netty.buffer.PooledByteBufAllocator/]: -Dio.netty.allocator.numHeapArenas: 40
[0211月2025 11:02:14.502] [Render thread/DEBUG] [io.netty.buffer.PooledByteBufAllocator/]: -Dio.netty.allocator.numDirectArenas: 40
[0211月2025 11:02:14.502] [Render thread/DEBUG] [io.netty.buffer.PooledByteBufAllocator/]: -Dio.netty.allocator.pageSize: 8192
[0211月2025 11:02:14.502] [Render thread/DEBUG] [io.netty.buffer.PooledByteBufAllocator/]: -Dio.netty.allocator.maxOrder: 9
[0211月2025 11:02:14.502] [Render thread/DEBUG] [io.netty.buffer.PooledByteBufAllocator/]: -Dio.netty.allocator.chunkSize: 4194304
[0211月2025 11:02:14.502] [Render thread/DEBUG] [io.netty.buffer.PooledByteBufAllocator/]: -Dio.netty.allocator.smallCacheSize: 256
[0211月2025 11:02:14.502] [Render thread/DEBUG] [io.netty.buffer.PooledByteBufAllocator/]: -Dio.netty.allocator.normalCacheSize: 64
[0211月2025 11:02:14.502] [Render thread/DEBUG] [io.netty.buffer.PooledByteBufAllocator/]: -Dio.netty.allocator.maxCachedBufferCapacity: 32768
[0211月2025 11:02:14.502] [Render thread/DEBUG] [io.netty.buffer.PooledByteBufAllocator/]: -Dio.netty.allocator.cacheTrimInterval: 8192
[0211月2025 11:02:14.502] [Render thread/DEBUG] [io.netty.buffer.PooledByteBufAllocator/]: -Dio.netty.allocator.cacheTrimIntervalMillis: 0
[0211月2025 11:02:14.502] [Render thread/DEBUG] [io.netty.buffer.PooledByteBufAllocator/]: -Dio.netty.allocator.useCacheForAllThreads: false
[0211月2025 11:02:14.502] [Render thread/DEBUG] [io.netty.buffer.PooledByteBufAllocator/]: -Dio.netty.allocator.maxCachedByteBuffersPerChunk: 1023
[0211月2025 11:02:14.513] [Render thread/DEBUG] [io.netty.buffer.ByteBufUtil/]: -Dio.netty.allocator.type: pooled
[0211月2025 11:02:14.513] [Render thread/DEBUG] [io.netty.buffer.ByteBufUtil/]: -Dio.netty.threadLocalDirectBufferSize: 0
[0211月2025 11:02:14.513] [Render thread/DEBUG] [io.netty.buffer.ByteBufUtil/]: -Dio.netty.maxThreadLocalCharBufferSize: 16384
[0211月2025 11:02:15.392] [Render thread/DEBUG] [io.netty.util.Recycler/]: -Dio.netty.recycler.maxCapacityPerThread: 4096
[0211月2025 11:02:15.392] [Render thread/DEBUG] [io.netty.util.Recycler/]: -Dio.netty.recycler.ratio: 8
[0211月2025 11:02:15.392] [Render thread/DEBUG] [io.netty.util.Recycler/]: -Dio.netty.recycler.chunkSize: 32
[0211月2025 11:02:15.393] [Render thread/DEBUG] [io.netty.util.Recycler/]: -Dio.netty.recycler.blocking: false
[0211月2025 11:02:15.393] [Render thread/DEBUG] [io.netty.util.Recycler/]: -Dio.netty.recycler.batchFastThreadLocalOnly: true
[0211月2025 11:02:15.402] [Netty Local Client IO #0/DEBUG] [io.netty.buffer.AbstractByteBuf/]: -Dio.netty.buffer.checkAccessible: true
[0211月2025 11:02:15.403] [Netty Local Client IO #0/DEBUG] [io.netty.buffer.AbstractByteBuf/]: -Dio.netty.buffer.checkBounds: true
[0211月2025 11:02:15.404] [Netty Local Client IO #0/DEBUG] [io.netty.util.ResourceLeakDetectorFactory/]: Loaded default ResourceLeakDetector: io.netty.util.ResourceLeakDetector@674ff746
[0211月2025 11:02:18.440] [Server thread/INFO] [net.minecraft.server.players.PlayerList/]: Player252[local:E:088a52ea] logged in with entity id 52 at (62.543474411195966, 117.02442408821369, -13.699999988079071)
[0211月2025 11:02:18.685] [Server thread/INFO] [net.minecraft.server.MinecraftServer/]: Player252がゲームに参加しました
[0211月2025 11:02:19.512] [Render thread/INFO] [net.minecraft.advancements.AdvancementTree/]: Loaded 2 advancements
[0211月2025 11:03:22.769] [Server thread/INFO] [net.minecraft.server.MinecraftServer/]: Player252は高い所から落ちた
[0211月2025 11:03:22.836] [Render thread/INFO] [net.minecraft.client.gui.components.ChatComponent/]: [System] [CHAT] Player252は高い所から落ちた
[0211月2025 11:03:40.012] [Server thread/INFO] [net.minecraft.server.MinecraftServer/]: Player252は高い所から落ちた
[0211月2025 11:03:40.029] [Render thread/INFO] [net.minecraft.client.gui.components.ChatComponent/]: [System] [CHAT] Player252は高い所から落ちた
[0211月2025 11:04:14.738] [Server thread/INFO] [net.minecraft.client.server.IntegratedServer/]: Saving and pausing game...
[0211月2025 11:04:14.755] [Server thread/INFO] [net.minecraft.server.MinecraftServer/]: Saving chunks for level 'ServerLevel[New World]'/minecraft:overworld
[0211月2025 11:04:14.778] [Server thread/INFO] [net.minecraft.server.MinecraftServer/]: Saving chunks for level 'ServerLevel[New World]'/minecraft:the_nether
[0211月2025 11:04:14.779] [Server thread/INFO] [net.minecraft.server.MinecraftServer/]: Saving chunks for level 'ServerLevel[New World]'/minecraft:the_end
[0211月2025 11:04:15.932] [Render thread/INFO] [net.minecraft.client.Minecraft/]: Stopping!
[0211月2025 11:04:15.993] [Server thread/INFO] [net.minecraft.server.network.ServerGamePacketListenerImpl/]: Player252 lost connection: 切断されました
[0211月2025 11:04:15.994] [Server thread/INFO] [net.minecraft.server.MinecraftServer/]: Player252がゲームを退出しました
[0211月2025 11:04:16.000] [Server thread/INFO] [net.minecraft.server.network.ServerCommonPacketListenerImpl/]: Stopping singleplayer server as player logged out
[0211月2025 11:04:16.038] [Server thread/INFO] [net.minecraft.server.MinecraftServer/]: Stopping server
[0211月2025 11:04:16.038] [Server thread/INFO] [net.minecraft.server.MinecraftServer/]: Saving players
[0211月2025 11:04:16.039] [Server thread/INFO] [net.minecraft.server.MinecraftServer/]: Saving worlds
[0211月2025 11:04:16.092] [Server thread/INFO] [net.minecraft.server.MinecraftServer/]: Saving chunks for level 'ServerLevel[New World]'/minecraft:overworld
[0211月2025 11:04:16.315] [Server thread/INFO] [net.minecraft.server.MinecraftServer/]: Saving chunks for level 'ServerLevel[New World]'/minecraft:the_nether
[0211月2025 11:04:16.316] [Server thread/INFO] [net.minecraft.server.MinecraftServer/]: Saving chunks for level 'ServerLevel[New World]'/minecraft:the_end
[0211月2025 11:04:16.322] [Server thread/INFO] [net.minecraft.server.MinecraftServer/]: ThreadedAnvilChunkStorage (New World): All chunks are saved
[0211月2025 11:04:16.322] [Server thread/INFO] [net.minecraft.server.MinecraftServer/]: ThreadedAnvilChunkStorage (DIM-1): All chunks are saved
[0211月2025 11:04:16.322] [Server thread/INFO] [net.minecraft.server.MinecraftServer/]: ThreadedAnvilChunkStorage (DIM1): All chunks are saved
[0211月2025 11:04:16.322] [Server thread/INFO] [net.minecraft.server.MinecraftServer/]: ThreadedAnvilChunkStorage: All dimensions are saved
